Microchip MPLAB XC8 Compiler V1.45 ()

Linker command line:

-W-3 --edf=C:\Program Files (x86)\Microchip\xc8\v1.45\dat\en_msgs.txt -cs \
  -h+dist/default/production\line_follower1.X.production.sym \
  --cmf=dist/default/production\line_follower1.X.production.cmf -z \
  -Q16F877A -oC:\Users\user\AppData\Local\Temp\sdl4.2 \
  -Mdist/default/production/line_follower1.X.production.map -E1 -ver=XC8 \
  -ASTACK=0110h-016fh -pstack=STACK -ACODE=00h-07FFhx4 -ASTRCODE=00h-01FFFh \
  -ASTRING=00h-0FFhx32 -ACONST=00h-0FFhx32 -AENTRY=00h-0FFhx32 \
  -ACOMMON=070h-07Fh -ABANK0=020h-06Fh -ABANK1=0A0h-0EFh \
  -ABANK2=0110h-016Fh -ABANK3=0190h-01EFh \
  -ARAM=020h-06Fh,0A0h-0EFh,0110h-016Fh,0190h-01EFh \
  -AABS1=020h-07Fh,0A0h-0EFh,0110h-016Fh,0190h-01EFh -ASFR0=00h-01Fh \
  -ASFR1=080h-09Fh -ASFR2=0100h-010Fh -ASFR3=0180h-018Fh \
  -preset_vec=00h,intentry,init,end_init -ppowerup=CODE -pcinit=CODE \
  -pfunctab=ENTRY -ACONFIG=02007h-02007h -pconfig=CONFIG -DCONFIG=2 \
  -AIDLOC=02000h-02003h -pidloc=IDLOC -DIDLOC=2 -AEEDATA=00h-0FFh/02100h \
  -peeprom_data=EEDATA -DEEDATA=2 -DCODE=2 -DSTRCODE=2 -DSTRING=2 -DCONST=2 \
  -DENTRY=2 -k C:\Users\user\AppData\Local\Temp\sdl4.obj \
  dist/default/production\line_follower1.X.production.obj 

Object code version is 3.11

Machine type is 16F877A



                Name                               Link     Load   Length Selector   Space Scale
C:\Users\user\AppData\Local\Temp\sdl4.obj
                end_init                              0        0        3        0       0
                config                             2007     2007        1     400E       0
dist/default/production\line_follower1.X.production.obj
                cinit                               7FC      7FC        4      FF8       0
                maintext_split_2                    25C      25C      5A0      4B8       0
                maintext_split_1                    D7A      D7A      286     1AF4       0
                text16                              B9D      B9D       8F     173A       0
                text15                              8D5      8D5       2D     11AA       0
                text14                              A36      A36       6C     146C       0
                text13                              8B0      8B0       25     1160       0
                text12                              CC2      CC2       B8     1984       0
                text11                               80       80       D3      100       0
                text10                              B0F      B0F       8E     161E       0
                text9                               89C      89C       14     1138       0
                text8                               AA2      AA2       6D     1544       0
                text7                               902      902       3F     1204       0
                text6                                13       13       6D       26       0
                text5                               941      941       3F     1282       0
                text4                               980      980       59     1300       0
                text3                               153      153      109      2A6       0
                text2                               9D9      9D9       5D     13B2       0
                text1                                 9        9        A       12       0
                maintext                            C2C      C2C       96     1858       0
                cstackBANK0                          20       20       44       20       1
                cstackCOMMON                         70       70        E       70       1
                cstackBANK1                          A0       A0       2D       A0       1
                nvBANK0                              64       64        4       20       1

TOTAL           Name                               Link     Load   Length     Space
        CLASS   STACK          

        CLASS   CODE           
                end_init                              0        0        3         0
                cinit                               7FC      7FC        4         0
                maintext_split_2                    25C      25C      5A0         0
                maintext_split_1                    D7A      D7A      286         0
                text16                              B9D      B9D       8F         0
                text15                              8D5      8D5       2D         0
                text14                              A36      A36       6C         0
                text13                              8B0      8B0       25         0
                text12                              CC2      CC2       B8         0
                text11                               80       80       D3         0
                text10                              B0F      B0F       8E         0
                text9                               89C      89C       14         0
                text8                               AA2      AA2       6D         0
                text7                               902      902       3F         0
                text6                                13       13       6D         0
                text5                               941      941       3F         0
                text4                               980      980       59         0
                text3                               153      153      109         0
                text2                               9D9      9D9       5D         0
                text1                                 9        9        A         0
                maintext                            C2C      C2C       96         0

        CLASS   STRCODE        

        CLASS   STRING         

        CLASS   CONST          

        CLASS   ENTRY          

        CLASS   COMMON         
                cstackCOMMON                         70       70        E         1

        CLASS   BANK0          
                cstackBANK0                          20       20       44         1
                nvBANK0                              64       64        4         1

        CLASS   BANK1          
                cstackBANK1                          A0       A0       2D         1

        CLASS   BANK2          

        CLASS   BANK3          

        CLASS   RAM            

        CLASS   ABS1           
                abs_s1                               7E       7E        2         1

        CLASS   SFR0           

        CLASS   SFR1           

        CLASS   SFR2           

        CLASS   SFR3           

        CLASS   CONFIG         
                config                             2007     2007        1         0

        CLASS   IDLOC          

        CLASS   EEDATA         



SEGMENTS        Name                           Load    Length   Top    Selector   Space  Class     Delta

                reset_vec                      000000  000003  000003         0       0  CODE        2
                text1                          000009  00000A  000013        12       0  CODE        2
                cstackBANK0                    000020  000048  000068        20       1  BANK0       1
                text6                          000013  00006D  000080        26       0  CODE        2
                cstackCOMMON                   000070  00000E  00007E        70       1  COMMON      1
                cstackBANK1                    0000A0  00002D  0000CD        A0       1  BANK1       1
                text11                         000080  0000D3  000153       100       0  CODE        2
                text3                          000153  000109  00025C       2A6       0  CODE        2
                maintext_split_2               00025C  0005A0  0007FC       4B8       0  CODE        2
                cinit                          0007FC  000004  000800       FF8       0  CODE        2
                text9                          00089C  000014  0008B0      1138       0  CODE        2
                text13                         0008B0  000025  0008D5      1160       0  CODE        2
                text15                         0008D5  00002D  000902      11AA       0  CODE        2
                text7                          000902  00003F  000941      1204       0  CODE        2
                text5                          000941  00003F  000980      1282       0  CODE        2
                text4                          000980  000059  0009D9      1300       0  CODE        2
                text2                          0009D9  00005D  000A36      13B2       0  CODE        2
                text14                         000A36  00006C  000AA2      146C       0  CODE        2
                text8                          000AA2  00006D  000B0F      1544       0  CODE        2
                text10                         000B0F  00008E  000B9D      161E       0  CODE        2
                text16                         000B9D  00008F  000C2C      173A       0  CODE        2
                maintext                       000C2C  000096  000CC2      1858       0  CODE        2
                text12                         000CC2  0000B8  000D7A      1984       0  CODE        2
                maintext_split_1               000D7A  000286  001000      1AF4       0  CODE        2
                config                         002007  000001  002008      400E       0  CONFIG      2


UNUSED ADDRESS RANGES

        Name                Unused          Largest block    Delta
        BANK0            000068-00006F                8           1
        BANK1            0000CD-0000EF               23           1
        BANK2            000110-00016F               60           1
        BANK3            000190-0001EF               60           1
        CODE             000003-000008                6           2
                         000800-00089B               9C
                         001000-001FFF              800
        CONST            000003-000008                6           2
                         000800-00089B               9C
                         001000-001FFF              100
        EEDATA           002100-0021FF              100           2
        ENTRY            000003-000008                6           2
                         000800-00089B               9C
                         001000-001FFF              100
        IDLOC            002000-002003                4           2
        RAM              000068-00006F                8           1
                         0000CD-0000EF               23
                         000110-00016F               60
                         000190-0001EF               60
        SFR0             000000-00001F               20           1
        SFR1             000080-00009F               20           1
        SFR2             000100-00010F               10           1
        SFR3             000180-00018F               10           1
        STACK            000110-00016F               60           1
        STRCODE          000003-000008                6           2
                         000800-00089B               9C
                         001000-001FFF             1000
        STRING           000003-000008                6           2
                         000800-00089B               9C
                         001000-001FFF              100

                                  Symbol Table

?_PWM_Max_Duty           cstackBANK0      000026
?___aldiv                cstackCOMMON     000070
?___awdiv                cstackCOMMON     000070
?___awtoft               cstackBANK0      000028
?___ftadd                cstackBANK0      000033
?___ftdiv                cstackBANK0      000020
?___ftmul                cstackBANK0      000040
?___ftneg                cstackBANK0      000030
?___ftpack               cstackCOMMON     000070
?___fttol                cstackBANK0      000050
?___lwtoft               cstackCOMMON     000078
PWM1_Duty@duty           cstackBANK0      00005E
PWM1_Init@fre            cstackBANK0      000026
PWM2_Duty@duty           cstackBANK0      00005E
PWM2_Init@fre            cstackBANK0      000026
_CCP1M2                  (abs)            0000BA
_CCP1M3                  (abs)            0000BB
_CCP1X                   (abs)            0000BD
_CCP1Y                   (abs)            0000BC
_CCP2M2                  (abs)            0000EA
_CCP2M3                  (abs)            0000EB
_CCP2X                   (abs)            0000ED
_CCP2Y                   (abs)            0000EC
_CCPR1L                  (abs)            000015
_CCPR2L                  (abs)            00001B
_PR2                     (abs)            000092
_PWM1_Duty               text8            000AA2
_PWM1_Init               text7            000902
_PWM2_Duty               text6            000013
_PWM2_Init               text5            000941
_PWM_Max_Duty            text15           0008D5
_RB0                     (abs)            000030
_RB1                     (abs)            000031
_RB2                     (abs)            000032
_RB3                     (abs)            000033
_RD0                     (abs)            000040
_RD1                     (abs)            000041
_RD2                     (abs)            000042
_RD3                     (abs)            000043
_RD5                     (abs)            000045
_RD6                     (abs)            000046
_RD7                     (abs)            000047
_T2CKPS0                 (abs)            000090
_T2CKPS1                 (abs)            000091
_TMR2ON                  (abs)            000092
_TRISB                   (abs)            000086
_TRISC                   (abs)            000087
_TRISC1                  (abs)            000439
_TRISC2                  (abs)            00043A
_TRISD                   (abs)            000088
__CFG_BOREN$OFF          (abs)            000000
__CFG_CP$OFF             (abs)            000000
__CFG_CPD$OFF            (abs)            000000
__CFG_FOSC$HS            (abs)            000000
__CFG_LVP$ON             (abs)            000000
__CFG_PWRTE$ON           (abs)            000000
__CFG_WDTE$OFF           (abs)            000000
__CFG_WRT$OFF            (abs)            000000
__Habs1                  abs1             000000
__Hbank0                 bank0            000000
__Hbank1                 bank1            000000
__Hbank2                 bank2            000000
__Hbank3                 bank3            000000
__Hcinit                 cinit            000800
__Hclrtext               clrtext          000000
__Hcode                  code             000000
__Hcommon                common           000000
__Hconfig                config           002008
__HcstackBANK0           cstackBANK0      000000
__HcstackBANK1           cstackBANK1      000000
__HcstackCOMMON          cstackCOMMON     000000
__Heeprom_data           eeprom_data      000000
__Hend_init              end_init         000003
__Hfunctab               functab          000000
__Hidloc                 idloc            000000
__Hinit                  init             000000
__Hintentry              intentry         000000
__Hmaintext              maintext         000000
__Hmaintext_split_1      maintext_split_1 000000
__Hmaintext_split_2      maintext_split_2 000000
__HnvBANK0               nvBANK0          000000
__Hpowerup               powerup          000000
__Hram                   ram              000000
__Hreset_vec             reset_vec        000000
__Hsfr0                  sfr0             000000
__Hsfr1                  sfr1             000000
__Hsfr2                  sfr2             000000
__Hsfr3                  sfr3             000000
__Hspace_0               (abs)            002008
__Hspace_1               (abs)            0000CD
__Hspace_2               (abs)            000000
__Hspace_3               (abs)            000000
__Hstack                 stack            000000
__Hstrings               strings          000000
__Htext                  text             000000
__Labs1                  abs1             000000
__Lbank0                 bank0            000000
__Lbank1                 bank1            000000
__Lbank2                 bank2            000000
__Lbank3                 bank3            000000
__Lcinit                 cinit            0007FC
__Lclrtext               clrtext          000000
__Lcode                  code             000000
__Lcommon                common           000000
__Lconfig                config           002007
__LcstackBANK0           cstackBANK0      000000
__LcstackBANK1           cstackBANK1      000000
__LcstackCOMMON          cstackCOMMON     000000
__Leeprom_data           eeprom_data      000000
__Lend_init              end_init         000000
__Lfunctab               functab          000000
__Lidloc                 idloc            000000
__Linit                  init             000000
__Lintentry              intentry         000000
__Lmaintext              maintext         000000
__Lmaintext_split_1      maintext_split_1 000000
__Lmaintext_split_2      maintext_split_2 000000
__LnvBANK0               nvBANK0          000000
__Lpowerup               powerup          000000
__Lram                   ram              000000
__Lreset_vec             reset_vec        000000
__Lsfr0                  sfr0             000000
__Lsfr1                  sfr1             000000
__Lsfr2                  sfr2             000000
__Lsfr3                  sfr3             000000
__Lspace_0               (abs)            000000
__Lspace_1               (abs)            000000
__Lspace_2               (abs)            000000
__Lspace_3               (abs)            000000
__Lstack                 stack            000000
__Lstrings               strings          000000
__Ltext                  text             000000
__S0                     (abs)            002008
__S1                     (abs)            0000CD
__S2                     (abs)            000000
__S3                     (abs)            000000
___aldiv                 text16           000B9D
___aldiv@counter         cstackBANK0      000020
___aldiv@dividend        cstackCOMMON     000074
___aldiv@divisor         cstackCOMMON     000070
___aldiv@quotient        cstackBANK0      000022
___aldiv@sign            cstackBANK0      000021
___awdiv                 text4            000980
___awdiv@counter         cstackCOMMON     000075
___awdiv@dividend        cstackCOMMON     000072
___awdiv@divisor         cstackCOMMON     000070
___awdiv@quotient        cstackCOMMON     000077
___awdiv@sign            cstackCOMMON     000076
___awtoft                text13           0008B0
___awtoft@c              cstackBANK0      000028
___awtoft@sign           cstackCOMMON     00007D
___ftadd                 text3            000153
___ftadd@exp1            cstackBANK0      00003F
___ftadd@exp2            cstackBANK0      00003E
___ftadd@f1              cstackBANK0      000033
___ftadd@f2              cstackBANK0      000036
___ftadd@sign            cstackBANK0      00003D
___ftdiv                 text12           000CC2
___ftdiv@cntr            cstackBANK0      00002A
___ftdiv@exp             cstackBANK0      00002E
___ftdiv@f1              cstackBANK0      000023
___ftdiv@f2              cstackBANK0      000020
___ftdiv@f3              cstackBANK0      00002B
___ftdiv@sign            cstackBANK0      00002F
___ftge                  text2            0009D9
___ftge@ff1              cstackCOMMON     000070
___ftge@ff2              cstackCOMMON     000073
___ftmul                 text11           000080
___ftmul@cntr            cstackBANK0      00004E
___ftmul@exp             cstackBANK0      00004A
___ftmul@f1              cstackBANK0      000040
___ftmul@f2              cstackBANK0      000043
___ftmul@f3_as_product   cstackBANK0      00004B
___ftmul@sign            cstackBANK0      00004F
___ftneg                 text1            000009
___ftneg@f1              cstackBANK0      000030
___ftpack                text14           000A36
___ftpack@arg            cstackCOMMON     000070
___ftpack@exp            cstackCOMMON     000073
___ftpack@sign           cstackCOMMON     000074
___fttol                 text10           000B0F
___fttol@exp1            cstackBANK0      00005D
___fttol@f1              cstackBANK0      000050
___fttol@lval            cstackBANK0      000059
___fttol@sign1           cstackBANK0      000058
___int_sp                stack            000000
___latbits               (abs)            000002
___lwtoft                text9            00089C
___lwtoft@c              cstackCOMMON     000078
___sp                    stack            000000
__end_of_PWM1_Duty       text8            000B0F
__end_of_PWM1_Init       text7            000941
__end_of_PWM2_Duty       text6            000080
__end_of_PWM2_Init       text5            000980
__end_of_PWM_Max_Duty    text15           000902
__end_of___aldiv         text16           000C2C
__end_of___awdiv         text4            0009D9
__end_of___awtoft        text13           0008D5
__end_of___ftadd         text3            00025C
__end_of___ftdiv         text12           000D7A
__end_of___ftge          text2            000A36
__end_of___ftmul         text11           000153
__end_of___ftneg         text1            000013
__end_of___ftpack        text14           000AA2
__end_of___fttol         text10           000B9D
__end_of___lwtoft        text9            0008B0
__end_of__initialization cinit            0007FC
__end_of_main            maintext_split_2 0007F9
__initialization         cinit            0007FC
__pcstackBANK0           cstackBANK0      000020
__pcstackBANK1           cstackBANK1      0000A0
__pcstackCOMMON          cstackCOMMON     000070
__pmaintext              maintext         000C2C
__pnvBANK0               nvBANK0          000064
__ptext1                 text1            000009
__ptext10                text10           000B0F
__ptext11                text11           000080
__ptext12                text12           000CC2
__ptext13                text13           0008B0
__ptext14                text14           000A36
__ptext15                text15           0008D5
__ptext16                text16           000B9D
__ptext2                 text2            0009D9
__ptext3                 text3            000153
__ptext4                 text4            000980
__ptext5                 text5            000941
__ptext6                 text6            000013
__ptext7                 text7            000902
__ptext8                 text8            000AA2
__ptext9                 text9            00089C
__size_of_PWM1_Duty      (abs)            000000
__size_of_PWM1_Init      (abs)            000000
__size_of_PWM2_Duty      (abs)            000000
__size_of_PWM2_Init      (abs)            000000
__size_of_PWM_Max_Duty   (abs)            000000
__size_of___aldiv        (abs)            000000
__size_of___awdiv        (abs)            000000
__size_of___awtoft       (abs)            000000
__size_of___ftadd        (abs)            000000
__size_of___ftdiv        (abs)            000000
__size_of___ftge         (abs)            000000
__size_of___ftmul        (abs)            000000
__size_of___ftneg        (abs)            000000
__size_of___ftpack       (abs)            000000
__size_of___fttol        (abs)            000000
__size_of___lwtoft       (abs)            000000
__size_of_main           (abs)            000000
_freq                    nvBANK0          000064
_main                    maintext         000C2C
_main$496                cstackBANK1      0000B2
_main$497                cstackBANK1      0000B7
_main$498                cstackBANK1      0000B9
btemp                    (abs)            00007E
end_of_initialization    cinit            0007FC
intlevel0                functab          000000
intlevel1                functab          000000
intlevel2                functab          000000
intlevel3                functab          000000
intlevel4                functab          000000
intlevel5                functab          000000
main@Kd                  cstackBANK1      0000A9
main@Kp                  cstackBANK1      0000A6
main@LastOut             cstackBANK1      0000BB
main@LineOut             cstackBANK1      0000B5
main@Lspeed              cstackBANK1      0000C5
main@Rspeed              cstackBANK1      0000C8
main@adjustment          cstackBANK1      0000C0
main@error               cstackBANK1      0000BD
main@i                   cstackBANK1      0000A2
main@i_93                cstackBANK1      0000A4
main@lasterror           cstackBANK1      0000AF
main@n                   cstackBANK1      0000CB
main@position            cstackBANK1      0000AC
main@square              cstackBANK1      0000A0
main@sum                 cstackBANK1      0000C3
pnum$maintext            (abs)            000007
pnum$maintext_split_1    (abs)            000018
pnum$maintext_split_2    (abs)            000019
psplit$0                 (abs)            070018
psplit$1                 (abs)            180019
reset_vec                reset_vec        000000
stackhi                  (abs)            000000
stacklo                  (abs)            000000
start                    init             000000
start_initialization     cinit            0007FC
wtemp0                   (abs)            00007E


FUNCTION INFORMATION:

 *************** function _main *****************
 Defined at:
		line 109 in file "maincode.c"
 Parameters:    Size  Location     Type
		None
 Auto vars:     Size  Location     Type
  i               2    4[BANK1 ] int 
  i               2    2[BANK1 ] int 
  Rspeed          3   40[BANK1 ] float 
  Lspeed          3   37[BANK1 ] float 
  adjustment      3   32[BANK1 ] float 
  error           3   29[BANK1 ] float 
  lasterror       3   15[BANK1 ] float 
  position        3   12[BANK1 ] float 
  Kd              3    9[BANK1 ] float 
  Kp              3    6[BANK1 ] float 
  n               2   43[BANK1 ] int 
  sum             2   35[BANK1 ] int 
  LastOut         2   27[BANK1 ] int 
  LineOut         2   21[BANK1 ] int 
  square          2    0[BANK1 ] int 
 Return value:  Size  Location     Type
                  1    wreg      void 
 Registers used:
		wreg, status,2, status,0, btemp+1, pclath, cstack
 Tracked objects:
		On entry : 
		On exit  : 
		Unchanged: 
 Data sizes:     COMMON   BANK0   BANK1   BANK3   BANK2
      Params:         0       0       0       0       0
      Locals:         0       0      45       0       0
      Temps:          0       2       0       0       0
      Totals:         0       2      45       0       0
Total ram usage:       47 bytes
 Hardware stack levels required when called:    3
 This function calls:
		_PWM1_Duty
		_PWM1_Init
		_PWM2_Duty
		_PWM2_Init
		___awdiv
		___awtoft
		___ftadd
		___ftdiv
		___ftge
		___ftmul
		___ftneg
		___fttol
 This function is called by:
		Startup code after reset
 This function uses a non-reentrant model


 *************** function ___ftneg *****************
 Defined at:
		line 15 in file "C:\Program Files (x86)\Microchip\xc8\v1.45\sources\common\ftneg.c"
 Parameters:    Size  Location     Type
  f1              3   16[BANK0 ] float 
 Auto vars:     Size  Location     Type
		None
 Return value:  Size  Location     Type
                  3   16[BANK0 ] float 
 Registers used:
		wreg
 Tracked objects:
		On entry : 
		On exit  : 
		Unchanged: 
 Data sizes:     COMMON   BANK0   BANK1   BANK3   BANK2
      Params:         0       3       0       0       0
      Locals:         0       0       0       0       0
      Temps:          0       0       0       0       0
      Totals:         0       3       0       0       0
Total ram usage:        3 bytes
 Hardware stack levels used:    1
 This function calls:
		Nothing
 This function is called by:
		_main
 This function uses a non-reentrant model


 *************** function ___ftge *****************
 Defined at:
		line 4 in file "C:\Program Files (x86)\Microchip\xc8\v1.45\sources\common\ftge.c"
 Parameters:    Size  Location     Type
  ff1             3    0[COMMON] float 
  ff2             3    3[COMMON] float 
 Auto vars:     Size  Location     Type
		None
 Return value:  Size  Location     Type
		None               void
 Registers used:
		wreg, status,2, status,0
 Tracked objects:
		On entry : 
		On exit  : 
		Unchanged: 
 Data sizes:     COMMON   BANK0   BANK1   BANK3   BANK2
      Params:         6       0       0       0       0
      Locals:         0       0       0       0       0
      Temps:          6       0       0       0       0
      Totals:        12       0       0       0       0
Total ram usage:       12 bytes
 Hardware stack levels used:    1
 This function calls:
		Nothing
 This function is called by:
		_main
 This function uses a non-reentrant model


 *************** function ___ftadd *****************
 Defined at:
		line 86 in file "C:\Program Files (x86)\Microchip\xc8\v1.45\sources\common\ftadd.c"
 Parameters:    Size  Location     Type
  f1              3   19[BANK0 ] float 
  f2              3   22[BANK0 ] float 
 Auto vars:     Size  Location     Type
  exp1            1   31[BANK0 ] unsigned char 
  exp2            1   30[BANK0 ] unsigned char 
  sign            1   29[BANK0 ] unsigned char 
 Return value:  Size  Location     Type
                  3   19[BANK0 ] float 
 Registers used:
		wreg, status,2, status,0, pclath, cstack
 Tracked objects:
		On entry : 
		On exit  : 
		Unchanged: 
 Data sizes:     COMMON   BANK0   BANK1   BANK3   BANK2
      Params:         0       6       0       0       0
      Locals:         0       3       0       0       0
      Temps:          0       4       0       0       0
      Totals:         0      13       0       0       0
Total ram usage:       13 bytes
 Hardware stack levels used:    1
 Hardware stack levels required when called:    1
 This function calls:
		___ftpack
 This function is called by:
		_main
 This function uses a non-reentrant model


 *************** function ___awdiv *****************
 Defined at:
		line 6 in file "C:\Program Files (x86)\Microchip\xc8\v1.45\sources\common\awdiv.c"
 Parameters:    Size  Location     Type
  divisor         2    0[COMMON] int 
  dividend        2    2[COMMON] int 
 Auto vars:     Size  Location     Type
  quotient        2    7[COMMON] int 
  sign            1    6[COMMON] unsigned char 
  counter         1    5[COMMON] unsigned char 
 Return value:  Size  Location     Type
                  2    0[COMMON] int 
 Registers used:
		wreg, status,2, status,0
 Tracked objects:
		On entry : 
		On exit  : 
		Unchanged: 
 Data sizes:     COMMON   BANK0   BANK1   BANK3   BANK2
      Params:         4       0       0       0       0
      Locals:         4       0       0       0       0
      Temps:          1       0       0       0       0
      Totals:         9       0       0       0       0
Total ram usage:        9 bytes
 Hardware stack levels used:    1
 This function calls:
		Nothing
 This function is called by:
		_main
 This function uses a non-reentrant model


 *************** function _PWM2_Init *****************
 Defined at:
		line 40 in file "maincode.c"
 Parameters:    Size  Location     Type
  fre             4    6[BANK0 ] long 
 Auto vars:     Size  Location     Type
		None
 Return value:  Size  Location     Type
                  2    6[BANK0 ] int 
 Registers used:
		wreg, status,2, status,0, pclath, cstack
 Tracked objects:
		On entry : 
		On exit  : 
		Unchanged: 
 Data sizes:     COMMON   BANK0   BANK1   BANK3   BANK2
      Params:         0       4       0       0       0
      Locals:         0       0       0       0       0
      Temps:          4       0       0       0       0
      Totals:         4       4       0       0       0
Total ram usage:        8 bytes
 Hardware stack levels used:    1
 Hardware stack levels required when called:    1
 This function calls:
		___aldiv
 This function is called by:
		_main
 This function uses a non-reentrant model


 *************** function _PWM2_Duty *****************
 Defined at:
		line 55 in file "maincode.c"
 Parameters:    Size  Location     Type
  duty            2   62[BANK0 ] unsigned int 
 Auto vars:     Size  Location     Type
		None
 Return value:  Size  Location     Type
                  2   62[BANK0 ] int 
 Registers used:
		wreg, status,2, status,0, pclath, cstack
 Tracked objects:
		On entry : 
		On exit  : 
		Unchanged: 
 Data sizes:     COMMON   BANK0   BANK1   BANK3   BANK2
      Params:         0       2       0       0       0
      Locals:         0       0       0       0       0
      Temps:          0       2       0       0       0
      Totals:         0       4       0       0       0
Total ram usage:        4 bytes
 Hardware stack levels used:    1
 Hardware stack levels required when called:    2
 This function calls:
		_PWM_Max_Duty
		___awtoft
		___ftdiv
		___ftmul
		___fttol
		___lwtoft
 This function is called by:
		_main
 This function uses a non-reentrant model


 *************** function _PWM1_Init *****************
 Defined at:
		line 35 in file "maincode.c"
 Parameters:    Size  Location     Type
  fre             4    6[BANK0 ] long 
 Auto vars:     Size  Location     Type
		None
 Return value:  Size  Location     Type
                  2    6[BANK0 ] int 
 Registers used:
		wreg, status,2, status,0, pclath, cstack
 Tracked objects:
		On entry : 
		On exit  : 
		Unchanged: 
 Data sizes:     COMMON   BANK0   BANK1   BANK3   BANK2
      Params:         0       4       0       0       0
      Locals:         0       0       0       0       0
      Temps:          4       0       0       0       0
      Totals:         4       4       0       0       0
Total ram usage:        8 bytes
 Hardware stack levels used:    1
 Hardware stack levels required when called:    1
 This function calls:
		___aldiv
 This function is called by:
		_main
 This function uses a non-reentrant model


 *************** function _PWM1_Duty *****************
 Defined at:
		line 45 in file "maincode.c"
 Parameters:    Size  Location     Type
  duty            2   62[BANK0 ] unsigned int 
 Auto vars:     Size  Location     Type
		None
 Return value:  Size  Location     Type
                  2   62[BANK0 ] int 
 Registers used:
		wreg, status,2, status,0, pclath, cstack
 Tracked objects:
		On entry : 
		On exit  : 
		Unchanged: 
 Data sizes:     COMMON   BANK0   BANK1   BANK3   BANK2
      Params:         0       2       0       0       0
      Locals:         0       0       0       0       0
      Temps:          0       2       0       0       0
      Totals:         0       4       0       0       0
Total ram usage:        4 bytes
 Hardware stack levels used:    1
 Hardware stack levels required when called:    2
 This function calls:
		_PWM_Max_Duty
		___awtoft
		___ftdiv
		___ftmul
		___fttol
		___lwtoft
 This function is called by:
		_main
 This function uses a non-reentrant model


 *************** function ___lwtoft *****************
 Defined at:
		line 28 in file "C:\Program Files (x86)\Microchip\xc8\v1.45\sources\common\lwtoft.c"
 Parameters:    Size  Location     Type
  c               2    8[COMMON] unsigned int 
 Auto vars:     Size  Location     Type
		None
 Return value:  Size  Location     Type
                  3    8[COMMON] float 
 Registers used:
		wreg, status,2, status,0, pclath, cstack
 Tracked objects:
		On entry : 
		On exit  : 
		Unchanged: 
 Data sizes:     COMMON   BANK0   BANK1   BANK3   BANK2
      Params:         3       0       0       0       0
      Locals:         0       0       0       0       0
      Temps:          1       0       0       0       0
      Totals:         4       0       0       0       0
Total ram usage:        4 bytes
 Hardware stack levels used:    1
 Hardware stack levels required when called:    1
 This function calls:
		___ftpack
 This function is called by:
		_PWM1_Duty
		_PWM2_Duty
 This function uses a non-reentrant model


 *************** function ___fttol *****************
 Defined at:
		line 44 in file "C:\Program Files (x86)\Microchip\xc8\v1.45\sources\common\fttol.c"
 Parameters:    Size  Location     Type
  f1              3   48[BANK0 ] float 
 Auto vars:     Size  Location     Type
  lval            4   57[BANK0 ] unsigned long 
  exp1            1   61[BANK0 ] unsigned char 
  sign1           1   56[BANK0 ] unsigned char 
 Return value:  Size  Location     Type
                  4   48[BANK0 ] long 
 Registers used:
		wreg, status,2, status,0
 Tracked objects:
		On entry : 
		On exit  : 
		Unchanged: 
 Data sizes:     COMMON   BANK0   BANK1   BANK3   BANK2
      Params:         0       4       0       0       0
      Locals:         0       6       0       0       0
      Temps:          0       4       0       0       0
      Totals:         0      14       0       0       0
Total ram usage:       14 bytes
 Hardware stack levels used:    1
 This function calls:
		Nothing
 This function is called by:
		_PWM1_Duty
		_PWM2_Duty
		_main
 This function uses a non-reentrant model


 *************** function ___ftmul *****************
 Defined at:
		line 62 in file "C:\Program Files (x86)\Microchip\xc8\v1.45\sources\common\ftmul.c"
 Parameters:    Size  Location     Type
  f1              3   32[BANK0 ] float 
  f2              3   35[BANK0 ] float 
 Auto vars:     Size  Location     Type
  f3_as_produc    3   43[BANK0 ] unsigned um
  sign            1   47[BANK0 ] unsigned char 
  cntr            1   46[BANK0 ] unsigned char 
  exp             1   42[BANK0 ] unsigned char 
 Return value:  Size  Location     Type
                  3   32[BANK0 ] float 
 Registers used:
		wreg, status,2, status,0, pclath, cstack
 Tracked objects:
		On entry : 
		On exit  : 
		Unchanged: 
 Data sizes:     COMMON   BANK0   BANK1   BANK3   BANK2
      Params:         0       6       0       0       0
      Locals:         0       6       0       0       0
      Temps:          0       4       0       0       0
      Totals:         0      16       0       0       0
Total ram usage:       16 bytes
 Hardware stack levels used:    1
 Hardware stack levels required when called:    1
 This function calls:
		___ftpack
 This function is called by:
		_PWM1_Duty
		_PWM2_Duty
		_main
 This function uses a non-reentrant model


 *************** function ___ftdiv *****************
 Defined at:
		line 56 in file "C:\Program Files (x86)\Microchip\xc8\v1.45\sources\common\ftdiv.c"
 Parameters:    Size  Location     Type
  f2              3    0[BANK0 ] float 
  f1              3    3[BANK0 ] float 
 Auto vars:     Size  Location     Type
  f3              3   11[BANK0 ] float 
  sign            1   15[BANK0 ] unsigned char 
  exp             1   14[BANK0 ] unsigned char 
  cntr            1   10[BANK0 ] unsigned char 
 Return value:  Size  Location     Type
                  3    0[BANK0 ] float 
 Registers used:
		wreg, status,2, status,0, pclath, cstack
 Tracked objects:
		On entry : 
		On exit  : 
		Unchanged: 
 Data sizes:     COMMON   BANK0   BANK1   BANK3   BANK2
      Params:         0       6       0       0       0
      Locals:         0       6       0       0       0
      Temps:          0       4       0       0       0
      Totals:         0      16       0       0       0
Total ram usage:       16 bytes
 Hardware stack levels used:    1
 Hardware stack levels required when called:    1
 This function calls:
		___ftpack
 This function is called by:
		_PWM1_Duty
		_PWM2_Duty
		_main
 This function uses a non-reentrant model


 *************** function ___awtoft *****************
 Defined at:
		line 32 in file "C:\Program Files (x86)\Microchip\xc8\v1.45\sources\common\awtoft.c"
 Parameters:    Size  Location     Type
  c               2    8[BANK0 ] int 
 Auto vars:     Size  Location     Type
  sign            1   13[COMMON] unsigned char 
 Return value:  Size  Location     Type
                  3    8[BANK0 ] float 
 Registers used:
		wreg, status,2, status,0, pclath, cstack
 Tracked objects:
		On entry : 
		On exit  : 
		Unchanged: 
 Data sizes:     COMMON   BANK0   BANK1   BANK3   BANK2
      Params:         0       3       0       0       0
      Locals:         1       0       0       0       0
      Temps:          0       2       0       0       0
      Totals:         1       5       0       0       0
Total ram usage:        6 bytes
 Hardware stack levels used:    1
 Hardware stack levels required when called:    1
 This function calls:
		___ftpack
 This function is called by:
		_PWM1_Duty
		_PWM2_Duty
		_main
 This function uses a non-reentrant model


 *************** function ___ftpack *****************
 Defined at:
		line 62 in file "C:\Program Files (x86)\Microchip\xc8\v1.45\sources\common\float.c"
 Parameters:    Size  Location     Type
  arg             3    0[COMMON] unsigned um
  exp             1    3[COMMON] unsigned char 
  sign            1    4[COMMON] unsigned char 
 Auto vars:     Size  Location     Type
		None
 Return value:  Size  Location     Type
                  3    0[COMMON] float 
 Registers used:
		wreg, status,2, status,0
 Tracked objects:
		On entry : 
		On exit  : 
		Unchanged: 
 Data sizes:     COMMON   BANK0   BANK1   BANK3   BANK2
      Params:         5       0       0       0       0
      Locals:         0       0       0       0       0
      Temps:          3       0       0       0       0
      Totals:         8       0       0       0       0
Total ram usage:        8 bytes
 Hardware stack levels used:    1
 This function calls:
		Nothing
 This function is called by:
		___awtoft
		___ftadd
		___ftdiv
		___ftmul
		___lwtoft
 This function uses a non-reentrant model


 *************** function _PWM_Max_Duty *****************
 Defined at:
		line 31 in file "maincode.c"
 Parameters:    Size  Location     Type
		None
 Auto vars:     Size  Location     Type
		None
 Return value:  Size  Location     Type
                  2    6[BANK0 ] int 
 Registers used:
		wreg, status,2, status,0, pclath, cstack
 Tracked objects:
		On entry : 
		On exit  : 
		Unchanged: 
 Data sizes:     COMMON   BANK0   BANK1   BANK3   BANK2
      Params:         0       2       0       0       0
      Locals:         0       0       0       0       0
      Temps:          4       0       0       0       0
      Totals:         4       2       0       0       0
Total ram usage:        6 bytes
 Hardware stack levels used:    1
 Hardware stack levels required when called:    1
 This function calls:
		___aldiv
 This function is called by:
		_PWM1_Duty
		_PWM2_Duty
 This function uses a non-reentrant model


 *************** function ___aldiv *****************
 Defined at:
		line 6 in file "C:\Program Files (x86)\Microchip\xc8\v1.45\sources\common\aldiv.c"
 Parameters:    Size  Location     Type
  divisor         4    0[COMMON] long 
  dividend        4    4[COMMON] long 
 Auto vars:     Size  Location     Type
  quotient        4    2[BANK0 ] long 
  sign            1    1[BANK0 ] unsigned char 
  counter         1    0[BANK0 ] unsigned char 
 Return value:  Size  Location     Type
                  4    0[COMMON] long 
 Registers used:
		wreg, status,2, status,0
 Tracked objects:
		On entry : 
		On exit  : 
		Unchanged: 
 Data sizes:     COMMON   BANK0   BANK1   BANK3   BANK2
      Params:         8       0       0       0       0
      Locals:         0       6       0       0       0
      Temps:          1       0       0       0       0
      Totals:         9       6       0       0       0
Total ram usage:       15 bytes
 Hardware stack levels used:    1
 This function calls:
		Nothing
 This function is called by:
		_PWM_Max_Duty
		_PWM1_Init
		_PWM2_Init
 This function uses a non-reentrant model



MODULE INFORMATION

Module		Function		Class		Link	Load	Size
C:\Program Files (x86)\Microchip\xc8\v1.45\sources\common\ftneg.c
		___ftneg       		CODE           	0009	0000	11

C:\Program Files (x86)\Microchip\xc8\v1.45\sources\common\ftneg.c estimated size: 11

C:\Program Files (x86)\Microchip\xc8\v1.45\sources\common\float.c
		___ftpack      		CODE           	0A36	0000	109

C:\Program Files (x86)\Microchip\xc8\v1.45\sources\common\float.c estimated size: 109

C:\Program Files (x86)\Microchip\xc8\v1.45\sources\common\ftge.c
		___ftge        		CODE           	09D9	0000	94

C:\Program Files (x86)\Microchip\xc8\v1.45\sources\common\ftge.c estimated size: 94

C:\Program Files (x86)\Microchip\xc8\v1.45\sources\common\ftmul.c
		___ftmul       		CODE           	0080	0000	212

C:\Program Files (x86)\Microchip\xc8\v1.45\sources\common\ftmul.c estimated size: 212

C:\Program Files (x86)\Microchip\xc8\v1.45\sources\common\ftdiv.c
		___ftdiv       		CODE           	0CC2	0000	185

C:\Program Files (x86)\Microchip\xc8\v1.45\sources\common\ftdiv.c estimated size: 185

shared
		__initialization		CODE           	07FC	0000	1

shared estimated size: 1

maincode.c
		_main          		CODE           	0C2C	0000	2234
		_PWM1_Init     		CODE           	0902	0000	64
		_PWM_Max_Duty  		CODE           	08D5	0000	46
		_PWM2_Init     		CODE           	0941	0000	64
		_PWM1_Duty     		CODE           	0AA2	0000	110
		_PWM2_Duty     		CODE           	0013	0000	110

maincode.c estimated size: 2628

C:\Program Files (x86)\Microchip\xc8\v1.45\sources\common\fttol.c
		___fttol       		CODE           	0B0F	0000	143

C:\Program Files (x86)\Microchip\xc8\v1.45\sources\common\fttol.c estimated size: 143

C:\Program Files (x86)\Microchip\xc8\v1.45\sources\common\awtoft.c
		___awtoft      		CODE           	08B0	0000	38

C:\Program Files (x86)\Microchip\xc8\v1.45\sources\common\awtoft.c estimated size: 38

C:\Program Files (x86)\Microchip\xc8\v1.45\sources\common\awdiv.c
		___awdiv       		CODE           	0980	0000	90

C:\Program Files (x86)\Microchip\xc8\v1.45\sources\common\awdiv.c estimated size: 90

C:\Program Files (x86)\Microchip\xc8\v1.45\sources\common\ftadd.c
		___ftadd       		CODE           	0153	0000	266

C:\Program Files (x86)\Microchip\xc8\v1.45\sources\common\ftadd.c estimated size: 266

C:\Program Files (x86)\Microchip\xc8\v1.45\sources\common\aldiv.c
		___aldiv       		CODE           	0B9D	0000	144

C:\Program Files (x86)\Microchip\xc8\v1.45\sources\common\aldiv.c estimated size: 144

C:\Program Files (x86)\Microchip\xc8\v1.45\sources\common\lwtoft.c
		___lwtoft      		CODE           	089C	0000	21

C:\Program Files (x86)\Microchip\xc8\v1.45\sources\common\lwtoft.c estimated size: 21

