Microchip MPLAB XC8 Compiler V1.45 ()

Linker command line:

-W-3 --edf=C:\Program Files (x86)\Microchip\xc8\v1.45\dat\en_msgs.txt -cs \
  -h+dist/default/production\final_code.X.production.sym \
  --cmf=dist/default/production\final_code.X.production.cmf -z -Q16F877A \
  -oC:\Users\user\AppData\Local\Temp\sfmc.2 \
  -Mdist/default/production/final_code.X.production.map -E1 -ver=XC8 \
  -ASTACK=0110h-016fh -pstack=STACK -ACODE=00h-07FFhx4 -ASTRCODE=00h-01FFFh \
  -ASTRING=00h-0FFhx32 -ACONST=00h-0FFhx32 -AENTRY=00h-0FFhx32 \
  -ACOMMON=070h-07Fh -ABANK0=020h-06Fh -ABANK1=0A0h-0EFh \
  -ABANK2=0110h-016Fh -ABANK3=0190h-01EFh \
  -ARAM=020h-06Fh,0A0h-0EFh,0110h-016Fh,0190h-01EFh \
  -AABS1=020h-07Fh,0A0h-0EFh,0110h-016Fh,0190h-01EFh -ASFR0=00h-01Fh \
  -ASFR1=080h-09Fh -ASFR2=0100h-010Fh -ASFR3=0180h-018Fh \
  -preset_vec=00h,intentry,init,end_init -ppowerup=CODE -pcinit=CODE \
  -pfunctab=ENTRY -ACONFIG=02007h-02007h -pconfig=CONFIG -DCONFIG=2 \
  -AIDLOC=02000h-02003h -pidloc=IDLOC -DIDLOC=2 -AEEDATA=00h-0FFh/02100h \
  -peeprom_data=EEDATA -DEEDATA=2 -DCODE=2 -DSTRCODE=2 -DSTRING=2 -DCONST=2 \
  -DENTRY=2 -k C:\Users\user\AppData\Local\Temp\sfmc.obj \
  dist/default/production\final_code.X.production.obj 

Object code version is 3.11

Machine type is 16F877A



                Name                               Link     Load   Length Selector   Space Scale
C:\Users\user\AppData\Local\Temp\sfmc.obj
                end_init                              0        0        3        0       0
                config                             2007     2007        1     400E       0
dist/default/production\final_code.X.production.obj
                cinit                               7FC      7FC        4      FF8       0
                text20                               85       85       8F      10A       0
                text19                              D38      D38       2D     1A70       0
                text18                              E99      E99       6C     1D32       0
                text17                              D13      D13       25     1A26       0
                text16                              114      114       B8      228       0
                text15                              1CC      1CC       D3      398       0
                text14                              F72      F72       8E     1EE4       0
                text13                                4        4       14        8       0
                text12                              F05      F05       6D     1E0A       0
                text11                              D65      D65       3F     1ACA       0
                text10                              CF5      CF5        9     19EA       0
                text9                               CEB      CEB        5     19D6       0
                text8                                18       18       6D       30       0
                text7                               DA4      DA4       3F     1B48       0
                text6                               D08      D08        B     1A10       0
                text5                               CF0      CF0        5     19E0       0
                text4                               DE3      DE3       59     1BC6       0
                text3                               29F      29F      109      53E       0
                text2                               E3C      E3C       5D     1C78       0
                text1                               CFE      CFE        A     19FC       0
                maintext                            3A8      3A8      454      750       0
                cstackBANK0                          20       20       44       20       1
                cstackCOMMON                         70       70        E       70       1
                cstackBANK1                          A0       A0       27       A0       1
                nvBANK0                              64       64        4       20       1

TOTAL           Name                               Link     Load   Length     Space
        CLASS   STACK          

        CLASS   CODE           
                end_init                              0        0        3         0
                cinit                               7FC      7FC        4         0
                text20                               85       85       8F         0
                text19                              D38      D38       2D         0
                text18                              E99      E99       6C         0
                text17                              D13      D13       25         0
                text16                              114      114       B8         0
                text15                              1CC      1CC       D3         0
                text14                              F72      F72       8E         0
                text13                                4        4       14         0
                text12                              F05      F05       6D         0
                text11                              D65      D65       3F         0
                text10                              CF5      CF5        9         0
                text9                               CEB      CEB        5         0
                text8                                18       18       6D         0
                text7                               DA4      DA4       3F         0
                text6                               D08      D08        B         0
                text5                               CF0      CF0        5         0
                text4                               DE3      DE3       59         0
                text3                               29F      29F      109         0
                text2                               E3C      E3C       5D         0
                text1                               CFE      CFE        A         0
                maintext                            3A8      3A8      454         0

        CLASS   STRCODE        

        CLASS   STRING         

        CLASS   CONST          

        CLASS   ENTRY          

        CLASS   COMMON         
                cstackCOMMON                         70       70        E         1

        CLASS   BANK0          
                cstackBANK0                          20       20       44         1
                nvBANK0                              64       64        4         1

        CLASS   BANK1          
                cstackBANK1                          A0       A0       27         1

        CLASS   BANK2          

        CLASS   BANK3          

        CLASS   RAM            

        CLASS   ABS1           
                abs_s1                               7E       7E        2         1

        CLASS   SFR0           

        CLASS   SFR1           

        CLASS   SFR2           

        CLASS   SFR3           

        CLASS   CONFIG         
                config                             2007     2007        1         0

        CLASS   IDLOC          

        CLASS   EEDATA         



SEGMENTS        Name                           Load    Length   Top    Selector   Space  Class     Delta

                reset_vec                      000000  000003  000003         0       0  CODE        2
                text13                         000004  000014  000018         8       0  CODE        2
                cstackBANK0                    000020  000048  000068        20       1  BANK0       1
                text8                          000018  00006D  000085        30       0  CODE        2
                cstackCOMMON                   000070  00000E  00007E        70       1  COMMON      1
                cstackBANK1                    0000A0  000027  0000C7        A0       1  BANK1       1
                text20                         000085  00008F  000114       10A       0  CODE        2
                text16                         000114  0000B8  0001CC       228       0  CODE        2
                text15                         0001CC  0000D3  00029F       398       0  CODE        2
                text3                          00029F  000109  0003A8       53E       0  CODE        2
                maintext                       0003A8  000454  0007FC       750       0  CODE        2
                cinit                          0007FC  000004  000800       FF8       0  CODE        2
                text9                          000CEB  000005  000CF0      19D6       0  CODE        2
                text5                          000CF0  000005  000CF5      19E0       0  CODE        2
                text10                         000CF5  000009  000CFE      19EA       0  CODE        2
                text1                          000CFE  00000A  000D08      19FC       0  CODE        2
                text6                          000D08  00000B  000D13      1A10       0  CODE        2
                text17                         000D13  000025  000D38      1A26       0  CODE        2
                text19                         000D38  00002D  000D65      1A70       0  CODE        2
                text11                         000D65  00003F  000DA4      1ACA       0  CODE        2
                text7                          000DA4  00003F  000DE3      1B48       0  CODE        2
                text4                          000DE3  000059  000E3C      1BC6       0  CODE        2
                text2                          000E3C  00005D  000E99      1C78       0  CODE        2
                text18                         000E99  00006C  000F05      1D32       0  CODE        2
                text12                         000F05  00006D  000F72      1E0A       0  CODE        2
                text14                         000F72  00008E  001000      1EE4       0  CODE        2
                config                         002007  000001  002008      400E       0  CONFIG      2


UNUSED ADDRESS RANGES

        Name                Unused          Largest block    Delta
        BANK0            0068-006F              8           1
        BANK1            00C7-00EF             29           1
        BANK2            0110-016F             60           1
        BANK3            0190-01EF             60           1
        CODE             0003-0003              1           2
                         0800-0CEA            4EB
                         1000-1FFF            800
        CONST            0003-0003              1           2
                         0800-0CEA            100
                         1000-1FFF            100
        EEDATA           2100-21FF            100           2
        ENTRY            0003-0003              1           2
                         0800-0CEA            100
                         1000-1FFF            100
        IDLOC            2000-2003              4           2
        RAM              0068-006F              8           1
                         00C7-00EF             29
                         0110-016F             60
                         0190-01EF             60
        SFR0             0000-001F             20           1
        SFR1             0080-009F             20           1
        SFR2             0100-010F             10           1
        SFR3             0180-018F             10           1
        STACK            0110-016F             60           1
        STRCODE          0003-0003              1           2
                         0800-0CEA            4EB
                         1000-1FFF           1000
        STRING           0003-0003              1           2
                         0800-0CEA            100
                         1000-1FFF            100

                                  Symbol Table

?_PWM_Max_Duty           cstackBANK0  0026
?___aldiv                cstackCOMMON 0070
?___awdiv                cstackCOMMON 0070
?___awtoft               cstackBANK0  0028
?___ftadd                cstackBANK0  0033
?___ftdiv                cstackBANK0  0020
?___ftmul                cstackBANK0  0040
?___ftneg                cstackBANK0  0030
?___ftpack               cstackCOMMON 0070
?___fttol                cstackBANK0  0050
?___lwtoft               cstackCOMMON 0078
PWM1_Duty@duty           cstackBANK0  005E
PWM1_Init@fre            cstackBANK0  0026
PWM2_Duty@duty           cstackBANK0  005E
PWM2_Init@fre            cstackBANK0  0026
_CCP1M2                  (abs)        00BA
_CCP1M3                  (abs)        00BB
_CCP1X                   (abs)        00BD
_CCP1Y                   (abs)        00BC
_CCP2M2                  (abs)        00EA
_CCP2M3                  (abs)        00EB
_CCP2X                   (abs)        00ED
_CCP2Y                   (abs)        00EC
_CCPR1L                  (abs)        0015
_CCPR2L                  (abs)        001B
_PR2                     (abs)        0092
_PWM1_Duty               text12       0F05
_PWM1_Init               text11       0D65
_PWM1_Start              text10       0CF5
_PWM1_Stop               text9        0CEB
_PWM2_Duty               text8        0018
_PWM2_Init               text7        0DA4
_PWM2_Start              text6        0D08
_PWM2_Stop               text5        0CF0
_PWM_Max_Duty            text19       0D38
_RB0                     (abs)        0030
_RB1                     (abs)        0031
_RB2                     (abs)        0032
_RB3                     (abs)        0033
_RB4                     (abs)        0034
_RB5                     (abs)        0035
_RB6                     (abs)        0036
_RB7                     (abs)        0037
_RD1                     (abs)        0041
_RD2                     (abs)        0042
_RD3                     (abs)        0043
_RD4                     (abs)        0044
_T2CKPS0                 (abs)        0090
_T2CKPS1                 (abs)        0091
_TMR2ON                  (abs)        0092
_TRISB                   (abs)        0086
_TRISC                   (abs)        0087
_TRISC1                  (abs)        0439
_TRISC2                  (abs)        043A
_TRISD                   (abs)        0088
__CFG_BOREN$OFF          (abs)        0000
__CFG_CP$OFF             (abs)        0000
__CFG_CPD$OFF            (abs)        0000
__CFG_FOSC$HS            (abs)        0000
__CFG_LVP$ON             (abs)        0000
__CFG_PWRTE$ON           (abs)        0000
__CFG_WDTE$OFF           (abs)        0000
__CFG_WRT$OFF            (abs)        0000
__Habs1                  abs1         0000
__Hbank0                 bank0        0000
__Hbank1                 bank1        0000
__Hbank2                 bank2        0000
__Hbank3                 bank3        0000
__Hcinit                 cinit        0800
__Hclrtext               clrtext      0000
__Hcode                  code         0000
__Hcommon                common       0000
__Hconfig                config       2008
__HcstackBANK0           cstackBANK0  0000
__HcstackBANK1           cstackBANK1  0000
__HcstackCOMMON          cstackCOMMON 0000
__Heeprom_data           eeprom_data  0000
__Hend_init              end_init     0003
__Hfunctab               functab      0000
__Hidloc                 idloc        0000
__Hinit                  init         0000
__Hintentry              intentry     0000
__Hmaintext              maintext     0000
__HnvBANK0               nvBANK0      0000
__Hpowerup               powerup      0000
__Hram                   ram          0000
__Hreset_vec             reset_vec    0000
__Hsfr0                  sfr0         0000
__Hsfr1                  sfr1         0000
__Hsfr2                  sfr2         0000
__Hsfr3                  sfr3         0000
__Hspace_0               (abs)        2008
__Hspace_1               (abs)        00C7
__Hspace_2               (abs)        0000
__Hspace_3               (abs)        0000
__Hstack                 stack        0000
__Hstrings               strings      0000
__Htext                  text         0000
__Labs1                  abs1         0000
__Lbank0                 bank0        0000
__Lbank1                 bank1        0000
__Lbank2                 bank2        0000
__Lbank3                 bank3        0000
__Lcinit                 cinit        07FC
__Lclrtext               clrtext      0000
__Lcode                  code         0000
__Lcommon                common       0000
__Lconfig                config       2007
__LcstackBANK0           cstackBANK0  0000
__LcstackBANK1           cstackBANK1  0000
__LcstackCOMMON          cstackCOMMON 0000
__Leeprom_data           eeprom_data  0000
__Lend_init              end_init     0000
__Lfunctab               functab      0000
__Lidloc                 idloc        0000
__Linit                  init         0000
__Lintentry              intentry     0000
__Lmaintext              maintext     0000
__LnvBANK0               nvBANK0      0000
__Lpowerup               powerup      0000
__Lram                   ram          0000
__Lreset_vec             reset_vec    0000
__Lsfr0                  sfr0         0000
__Lsfr1                  sfr1         0000
__Lsfr2                  sfr2         0000
__Lsfr3                  sfr3         0000
__Lspace_0               (abs)        0000
__Lspace_1               (abs)        0000
__Lspace_2               (abs)        0000
__Lspace_3               (abs)        0000
__Lstack                 stack        0000
__Lstrings               strings      0000
__Ltext                  text         0000
__S0                     (abs)        2008
__S1                     (abs)        00C7
__S2                     (abs)        0000
__S3                     (abs)        0000
___aldiv                 text20       0085
___aldiv@counter         cstackBANK0  0020
___aldiv@dividend        cstackCOMMON 0074
___aldiv@divisor         cstackCOMMON 0070
___aldiv@quotient        cstackBANK0  0022
___aldiv@sign            cstackBANK0  0021
___awdiv                 text4        0DE3
___awdiv@counter         cstackCOMMON 0075
___awdiv@dividend        cstackCOMMON 0072
___awdiv@divisor         cstackCOMMON 0070
___awdiv@quotient        cstackCOMMON 0077
___awdiv@sign            cstackCOMMON 0076
___awtoft                text17       0D13
___awtoft@c              cstackBANK0  0028
___awtoft@sign           cstackCOMMON 007D
___ftadd                 text3        029F
___ftadd@exp1            cstackBANK0  003F
___ftadd@exp2            cstackBANK0  003E
___ftadd@f1              cstackBANK0  0033
___ftadd@f2              cstackBANK0  0036
___ftadd@sign            cstackBANK0  003D
___ftdiv                 text16       0114
___ftdiv@cntr            cstackBANK0  002A
___ftdiv@exp             cstackBANK0  002E
___ftdiv@f1              cstackBANK0  0023
___ftdiv@f2              cstackBANK0  0020
___ftdiv@f3              cstackBANK0  002B
___ftdiv@sign            cstackBANK0  002F
___ftge                  text2        0E3C
___ftge@ff1              cstackCOMMON 0070
___ftge@ff2              cstackCOMMON 0073
___ftmul                 text15       01CC
___ftmul@cntr            cstackBANK0  004E
___ftmul@exp             cstackBANK0  004A
___ftmul@f1              cstackBANK0  0040
___ftmul@f2              cstackBANK0  0043
___ftmul@f3_as_product   cstackBANK0  004B
___ftmul@sign            cstackBANK0  004F
___ftneg                 text1        0CFE
___ftneg@f1              cstackBANK0  0030
___ftpack                text18       0E99
___ftpack@arg            cstackCOMMON 0070
___ftpack@exp            cstackCOMMON 0073
___ftpack@sign           cstackCOMMON 0074
___fttol                 text14       0F72
___fttol@exp1            cstackBANK0  005D
___fttol@f1              cstackBANK0  0050
___fttol@lval            cstackBANK0  0059
___fttol@sign1           cstackBANK0  0058
___int_sp                stack        0000
___latbits               (abs)        0002
___lwtoft                text13       0004
___lwtoft@c              cstackCOMMON 0078
___sp                    stack        0000
__end_of_PWM1_Duty       text12       0F72
__end_of_PWM1_Init       text11       0DA4
__end_of_PWM1_Start      text10       0CFE
__end_of_PWM1_Stop       text9        0CF0
__end_of_PWM2_Duty       text8        0085
__end_of_PWM2_Init       text7        0DE3
__end_of_PWM2_Start      text6        0D13
__end_of_PWM2_Stop       text5        0CF5
__end_of_PWM_Max_Duty    text19       0D65
__end_of___aldiv         text20       0114
__end_of___awdiv         text4        0E3C
__end_of___awtoft        text17       0D38
__end_of___ftadd         text3        03A8
__end_of___ftdiv         text16       01CC
__end_of___ftge          text2        0E99
__end_of___ftmul         text15       029F
__end_of___ftneg         text1        0D08
__end_of___ftpack        text18       0F05
__end_of___fttol         text14       1000
__end_of___lwtoft        text13       0018
__end_of__initialization cinit        07FC
__end_of_main            maintext     07FC
__initialization         cinit        07FC
__pcstackBANK0           cstackBANK0  0020
__pcstackBANK1           cstackBANK1  00A0
__pcstackCOMMON          cstackCOMMON 0070
__pmaintext              maintext     03A8
__pnvBANK0               nvBANK0      0064
__ptext1                 text1        0CFE
__ptext10                text10       0CF5
__ptext11                text11       0D65
__ptext12                text12       0F05
__ptext13                text13       0004
__ptext14                text14       0F72
__ptext15                text15       01CC
__ptext16                text16       0114
__ptext17                text17       0D13
__ptext18                text18       0E99
__ptext19                text19       0D38
__ptext2                 text2        0E3C
__ptext20                text20       0085
__ptext3                 text3        029F
__ptext4                 text4        0DE3
__ptext5                 text5        0CF0
__ptext6                 text6        0D08
__ptext7                 text7        0DA4
__ptext8                 text8        0018
__ptext9                 text9        0CEB
__size_of_PWM1_Duty      (abs)        0000
__size_of_PWM1_Init      (abs)        0000
__size_of_PWM1_Start     (abs)        0000
__size_of_PWM1_Stop      (abs)        0000
__size_of_PWM2_Duty      (abs)        0000
__size_of_PWM2_Init      (abs)        0000
__size_of_PWM2_Start     (abs)        0000
__size_of_PWM2_Stop      (abs)        0000
__size_of_PWM_Max_Duty   (abs)        0000
__size_of___aldiv        (abs)        0000
__size_of___awdiv        (abs)        0000
__size_of___awtoft       (abs)        0000
__size_of___ftadd        (abs)        0000
__size_of___ftdiv        (abs)        0000
__size_of___ftge         (abs)        0000
__size_of___ftmul        (abs)        0000
__size_of___ftneg        (abs)        0000
__size_of___ftpack       (abs)        0000
__size_of___fttol        (abs)        0000
__size_of___lwtoft       (abs)        0000
__size_of_main           (abs)        0000
_freq                    nvBANK0      0064
_main                    maintext     03A8
_main$494                cstackBANK1  00AC
_main$495                cstackBANK1  00AF
_main$496                cstackBANK1  00B1
btemp                    (abs)        007E
end_of_initialization    cinit        07FC
intlevel0                functab      0000
intlevel1                functab      0000
intlevel2                functab      0000
intlevel3                functab      0000
intlevel4                functab      0000
intlevel5                functab      0000
main@Kd                  cstackBANK1  00A9
main@Kp                  cstackBANK1  00A6
main@LastOut             cstackBANK1  00B3
main@LineOut             cstackBANK1  00B5
main@Lspeed              cstackBANK1  00BD
main@Rspeed              cstackBANK1  00C0
main@adjustment          cstackBANK1  00BA
main@error               cstackBANK1  00B7
main@lasterror           cstackBANK1  00A3
main@n                   cstackBANK1  00C5
main@position            cstackBANK1  00A0
main@sum                 cstackBANK1  00C3
reset_vec                reset_vec    0000
stackhi                  (abs)        0000
stacklo                  (abs)        0000
start                    init         0000
start_initialization     cinit        07FC
wtemp0                   (abs)        007E


FUNCTION INFORMATION:

 *************** function _main *****************
 Defined at:
		line 106 in file "finalcode.c"
 Parameters:    Size  Location     Type
		None
 Auto vars:     Size  Location     Type
  Rspeed          3   32[BANK1 ] float 
  Lspeed          3   29[BANK1 ] float 
  adjustment      3   26[BANK1 ] float 
  error           3   23[BANK1 ] float 
  Kd              3    9[BANK1 ] float 
  Kp              3    6[BANK1 ] float 
  lasterror       3    3[BANK1 ] float 
  position        3    0[BANK1 ] float 
  n               2   37[BANK1 ] int 
  sum             2   35[BANK1 ] int 
  LineOut         2   21[BANK1 ] int 
  LastOut         2   19[BANK1 ] int 
 Return value:  Size  Location     Type
                  1    wreg      void 
 Registers used:
		wreg, status,2, status,0, pclath, cstack
 Tracked objects:
		On entry : 
		On exit  : 
		Unchanged: 
 Data sizes:     COMMON   BANK0   BANK1   BANK3   BANK2
      Params:         0       0       0       0       0
      Locals:         0       0      39       0       0
      Temps:          0       2       0       0       0
      Totals:         0       2      39       0       0
Total ram usage:       41 bytes
 Hardware stack levels required when called:    3
 This function calls:
		_PWM1_Duty
		_PWM1_Init
		_PWM1_Start
		_PWM1_Stop
		_PWM2_Duty
		_PWM2_Init
		_PWM2_Start
		_PWM2_Stop
		___awdiv
		___awtoft
		___ftadd
		___ftdiv
		___ftge
		___ftmul
		___ftneg
		___fttol
 This function is called by:
		Startup code after reset
 This function uses a non-reentrant model


 *************** function ___ftneg *****************
 Defined at:
		line 15 in file "C:\Program Files (x86)\Microchip\xc8\v1.45\sources\common\ftneg.c"
 Parameters:    Size  Location     Type
  f1              3   16[BANK0 ] float 
 Auto vars:     Size  Location     Type
		None
 Return value:  Size  Location     Type
                  3   16[BANK0 ] float 
 Registers used:
		wreg
 Tracked objects:
		On entry : 
		On exit  : 
		Unchanged: 
 Data sizes:     COMMON   BANK0   BANK1   BANK3   BANK2
      Params:         0       3       0       0       0
      Locals:         0       0       0       0       0
      Temps:          0       0       0       0       0
      Totals:         0       3       0       0       0
Total ram usage:        3 bytes
 Hardware stack levels used:    1
 This function calls:
		Nothing
 This function is called by:
		_main
 This function uses a non-reentrant model


 *************** function ___ftge *****************
 Defined at:
		line 4 in file "C:\Program Files (x86)\Microchip\xc8\v1.45\sources\common\ftge.c"
 Parameters:    Size  Location     Type
  ff1             3    0[COMMON] float 
  ff2             3    3[COMMON] float 
 Auto vars:     Size  Location     Type
		None
 Return value:  Size  Location     Type
		None               void
 Registers used:
		wreg, status,2, status,0
 Tracked objects:
		On entry : 
		On exit  : 
		Unchanged: 
 Data sizes:     COMMON   BANK0   BANK1   BANK3   BANK2
      Params:         6       0       0       0       0
      Locals:         0       0       0       0       0
      Temps:          6       0       0       0       0
      Totals:        12       0       0       0       0
Total ram usage:       12 bytes
 Hardware stack levels used:    1
 This function calls:
		Nothing
 This function is called by:
		_main
 This function uses a non-reentrant model


 *************** function ___ftadd *****************
 Defined at:
		line 86 in file "C:\Program Files (x86)\Microchip\xc8\v1.45\sources\common\ftadd.c"
 Parameters:    Size  Location     Type
  f1              3   19[BANK0 ] float 
  f2              3   22[BANK0 ] float 
 Auto vars:     Size  Location     Type
  exp1            1   31[BANK0 ] unsigned char 
  exp2            1   30[BANK0 ] unsigned char 
  sign            1   29[BANK0 ] unsigned char 
 Return value:  Size  Location     Type
                  3   19[BANK0 ] float 
 Registers used:
		wreg, status,2, status,0, pclath, cstack
 Tracked objects:
		On entry : 
		On exit  : 
		Unchanged: 
 Data sizes:     COMMON   BANK0   BANK1   BANK3   BANK2
      Params:         0       6       0       0       0
      Locals:         0       3       0       0       0
      Temps:          0       4       0       0       0
      Totals:         0      13       0       0       0
Total ram usage:       13 bytes
 Hardware stack levels used:    1
 Hardware stack levels required when called:    1
 This function calls:
		___ftpack
 This function is called by:
		_main
 This function uses a non-reentrant model


 *************** function ___awdiv *****************
 Defined at:
		line 6 in file "C:\Program Files (x86)\Microchip\xc8\v1.45\sources\common\awdiv.c"
 Parameters:    Size  Location     Type
  divisor         2    0[COMMON] int 
  dividend        2    2[COMMON] int 
 Auto vars:     Size  Location     Type
  quotient        2    7[COMMON] int 
  sign            1    6[COMMON] unsigned char 
  counter         1    5[COMMON] unsigned char 
 Return value:  Size  Location     Type
                  2    0[COMMON] int 
 Registers used:
		wreg, status,2, status,0
 Tracked objects:
		On entry : 
		On exit  : 
		Unchanged: 
 Data sizes:     COMMON   BANK0   BANK1   BANK3   BANK2
      Params:         4       0       0       0       0
      Locals:         4       0       0       0       0
      Temps:          1       0       0       0       0
      Totals:         9       0       0       0       0
Total ram usage:        9 bytes
 Hardware stack levels used:    1
 This function calls:
		Nothing
 This function is called by:
		_main
 This function uses a non-reentrant model


 *************** function _PWM2_Stop *****************
 Defined at:
		line 101 in file "finalcode.c"
 Parameters:    Size  Location     Type
		None
 Auto vars:     Size  Location     Type
		None
 Return value:  Size  Location     Type
                  2   94[None  ] int 
 Registers used:
		None
 Tracked objects:
		On entry : 
		On exit  : 
		Unchanged: 
 Data sizes:     COMMON   BANK0   BANK1   BANK3   BANK2
      Params:         0       0       0       0       0
      Locals:         0       0       0       0       0
      Temps:          0       0       0       0       0
      Totals:         0       0       0       0       0
Total ram usage:        0 bytes
 Hardware stack levels used:    1
 This function calls:
		Nothing
 This function is called by:
		_main
 This function uses a non-reentrant model


 *************** function _PWM2_Start *****************
 Defined at:
		line 84 in file "finalcode.c"
 Parameters:    Size  Location     Type
		None
 Auto vars:     Size  Location     Type
		None
 Return value:  Size  Location     Type
                  2   91[None  ] int 
 Registers used:
		None
 Tracked objects:
		On entry : 
		On exit  : 
		Unchanged: 
 Data sizes:     COMMON   BANK0   BANK1   BANK3   BANK2
      Params:         0       0       0       0       0
      Locals:         0       0       0       0       0
      Temps:          0       0       0       0       0
      Totals:         0       0       0       0       0
Total ram usage:        0 bytes
 Hardware stack levels used:    1
 This function calls:
		Nothing
 This function is called by:
		_main
 This function uses a non-reentrant model


 *************** function _PWM2_Init *****************
 Defined at:
		line 37 in file "finalcode.c"
 Parameters:    Size  Location     Type
  fre             4    6[BANK0 ] long 
 Auto vars:     Size  Location     Type
		None
 Return value:  Size  Location     Type
                  2    6[BANK0 ] int 
 Registers used:
		wreg, status,2, status,0, pclath, cstack
 Tracked objects:
		On entry : 
		On exit  : 
		Unchanged: 
 Data sizes:     COMMON   BANK0   BANK1   BANK3   BANK2
      Params:         0       4       0       0       0
      Locals:         0       0       0       0       0
      Temps:          4       0       0       0       0
      Totals:         4       4       0       0       0
Total ram usage:        8 bytes
 Hardware stack levels used:    1
 Hardware stack levels required when called:    1
 This function calls:
		___aldiv
 This function is called by:
		_main
 This function uses a non-reentrant model


 *************** function _PWM2_Duty *****************
 Defined at:
		line 52 in file "finalcode.c"
 Parameters:    Size  Location     Type
  duty            2   62[BANK0 ] unsigned int 
 Auto vars:     Size  Location     Type
		None
 Return value:  Size  Location     Type
                  2   62[BANK0 ] int 
 Registers used:
		wreg, status,2, status,0, pclath, cstack
 Tracked objects:
		On entry : 
		On exit  : 
		Unchanged: 
 Data sizes:     COMMON   BANK0   BANK1   BANK3   BANK2
      Params:         0       2       0       0       0
      Locals:         0       0       0       0       0
      Temps:          0       2       0       0       0
      Totals:         0       4       0       0       0
Total ram usage:        4 bytes
 Hardware stack levels used:    1
 Hardware stack levels required when called:    2
 This function calls:
		_PWM_Max_Duty
		___awtoft
		___ftdiv
		___ftmul
		___fttol
		___lwtoft
 This function is called by:
		_main
 This function uses a non-reentrant model


 *************** function _PWM1_Stop *****************
 Defined at:
		line 79 in file "finalcode.c"
 Parameters:    Size  Location     Type
		None
 Auto vars:     Size  Location     Type
		None
 Return value:  Size  Location     Type
                  2   88[None  ] int 
 Registers used:
		None
 Tracked objects:
		On entry : 
		On exit  : 
		Unchanged: 
 Data sizes:     COMMON   BANK0   BANK1   BANK3   BANK2
      Params:         0       0       0       0       0
      Locals:         0       0       0       0       0
      Temps:          0       0       0       0       0
      Totals:         0       0       0       0       0
Total ram usage:        0 bytes
 Hardware stack levels used:    1
 This function calls:
		Nothing
 This function is called by:
		_main
 This function uses a non-reentrant model


 *************** function _PWM1_Start *****************
 Defined at:
		line 62 in file "finalcode.c"
 Parameters:    Size  Location     Type
		None
 Auto vars:     Size  Location     Type
		None
 Return value:  Size  Location     Type
                  2   85[None  ] int 
 Registers used:
		None
 Tracked objects:
		On entry : 
		On exit  : 
		Unchanged: 
 Data sizes:     COMMON   BANK0   BANK1   BANK3   BANK2
      Params:         0       0       0       0       0
      Locals:         0       0       0       0       0
      Temps:          0       0       0       0       0
      Totals:         0       0       0       0       0
Total ram usage:        0 bytes
 Hardware stack levels used:    1
 This function calls:
		Nothing
 This function is called by:
		_main
 This function uses a non-reentrant model


 *************** function _PWM1_Init *****************
 Defined at:
		line 32 in file "finalcode.c"
 Parameters:    Size  Location     Type
  fre             4    6[BANK0 ] long 
 Auto vars:     Size  Location     Type
		None
 Return value:  Size  Location     Type
                  2    6[BANK0 ] int 
 Registers used:
		wreg, status,2, status,0, pclath, cstack
 Tracked objects:
		On entry : 
		On exit  : 
		Unchanged: 
 Data sizes:     COMMON   BANK0   BANK1   BANK3   BANK2
      Params:         0       4       0       0       0
      Locals:         0       0       0       0       0
      Temps:          4       0       0       0       0
      Totals:         4       4       0       0       0
Total ram usage:        8 bytes
 Hardware stack levels used:    1
 Hardware stack levels required when called:    1
 This function calls:
		___aldiv
 This function is called by:
		_main
 This function uses a non-reentrant model


 *************** function _PWM1_Duty *****************
 Defined at:
		line 42 in file "finalcode.c"
 Parameters:    Size  Location     Type
  duty            2   62[BANK0 ] unsigned int 
 Auto vars:     Size  Location     Type
		None
 Return value:  Size  Location     Type
                  2   62[BANK0 ] int 
 Registers used:
		wreg, status,2, status,0, pclath, cstack
 Tracked objects:
		On entry : 
		On exit  : 
		Unchanged: 
 Data sizes:     COMMON   BANK0   BANK1   BANK3   BANK2
      Params:         0       2       0       0       0
      Locals:         0       0       0       0       0
      Temps:          0       2       0       0       0
      Totals:         0       4       0       0       0
Total ram usage:        4 bytes
 Hardware stack levels used:    1
 Hardware stack levels required when called:    2
 This function calls:
		_PWM_Max_Duty
		___awtoft
		___ftdiv
		___ftmul
		___fttol
		___lwtoft
 This function is called by:
		_main
 This function uses a non-reentrant model


 *************** function ___lwtoft *****************
 Defined at:
		line 28 in file "C:\Program Files (x86)\Microchip\xc8\v1.45\sources\common\lwtoft.c"
 Parameters:    Size  Location     Type
  c               2    8[COMMON] unsigned int 
 Auto vars:     Size  Location     Type
		None
 Return value:  Size  Location     Type
                  3    8[COMMON] float 
 Registers used:
		wreg, status,2, status,0, pclath, cstack
 Tracked objects:
		On entry : 
		On exit  : 
		Unchanged: 
 Data sizes:     COMMON   BANK0   BANK1   BANK3   BANK2
      Params:         3       0       0       0       0
      Locals:         0       0       0       0       0
      Temps:          1       0       0       0       0
      Totals:         4       0       0       0       0
Total ram usage:        4 bytes
 Hardware stack levels used:    1
 Hardware stack levels required when called:    1
 This function calls:
		___ftpack
 This function is called by:
		_PWM1_Duty
		_PWM2_Duty
 This function uses a non-reentrant model


 *************** function ___fttol *****************
 Defined at:
		line 44 in file "C:\Program Files (x86)\Microchip\xc8\v1.45\sources\common\fttol.c"
 Parameters:    Size  Location     Type
  f1              3   48[BANK0 ] float 
 Auto vars:     Size  Location     Type
  lval            4   57[BANK0 ] unsigned long 
  exp1            1   61[BANK0 ] unsigned char 
  sign1           1   56[BANK0 ] unsigned char 
 Return value:  Size  Location     Type
                  4   48[BANK0 ] long 
 Registers used:
		wreg, status,2, status,0
 Tracked objects:
		On entry : 
		On exit  : 
		Unchanged: 
 Data sizes:     COMMON   BANK0   BANK1   BANK3   BANK2
      Params:         0       4       0       0       0
      Locals:         0       6       0       0       0
      Temps:          0       4       0       0       0
      Totals:         0      14       0       0       0
Total ram usage:       14 bytes
 Hardware stack levels used:    1
 This function calls:
		Nothing
 This function is called by:
		_PWM1_Duty
		_PWM2_Duty
		_main
 This function uses a non-reentrant model


 *************** function ___ftmul *****************
 Defined at:
		line 62 in file "C:\Program Files (x86)\Microchip\xc8\v1.45\sources\common\ftmul.c"
 Parameters:    Size  Location     Type
  f1              3   32[BANK0 ] float 
  f2              3   35[BANK0 ] float 
 Auto vars:     Size  Location     Type
  f3_as_produc    3   43[BANK0 ] unsigned um
  sign            1   47[BANK0 ] unsigned char 
  cntr            1   46[BANK0 ] unsigned char 
  exp             1   42[BANK0 ] unsigned char 
 Return value:  Size  Location     Type
                  3   32[BANK0 ] float 
 Registers used:
		wreg, status,2, status,0, pclath, cstack
 Tracked objects:
		On entry : 
		On exit  : 
		Unchanged: 
 Data sizes:     COMMON   BANK0   BANK1   BANK3   BANK2
      Params:         0       6       0       0       0
      Locals:         0       6       0       0       0
      Temps:          0       4       0       0       0
      Totals:         0      16       0       0       0
Total ram usage:       16 bytes
 Hardware stack levels used:    1
 Hardware stack levels required when called:    1
 This function calls:
		___ftpack
 This function is called by:
		_PWM1_Duty
		_PWM2_Duty
		_main
 This function uses a non-reentrant model


 *************** function ___ftdiv *****************
 Defined at:
		line 56 in file "C:\Program Files (x86)\Microchip\xc8\v1.45\sources\common\ftdiv.c"
 Parameters:    Size  Location     Type
  f2              3    0[BANK0 ] float 
  f1              3    3[BANK0 ] float 
 Auto vars:     Size  Location     Type
  f3              3   11[BANK0 ] float 
  sign            1   15[BANK0 ] unsigned char 
  exp             1   14[BANK0 ] unsigned char 
  cntr            1   10[BANK0 ] unsigned char 
 Return value:  Size  Location     Type
                  3    0[BANK0 ] float 
 Registers used:
		wreg, status,2, status,0, pclath, cstack
 Tracked objects:
		On entry : 
		On exit  : 
		Unchanged: 
 Data sizes:     COMMON   BANK0   BANK1   BANK3   BANK2
      Params:         0       6       0       0       0
      Locals:         0       6       0       0       0
      Temps:          0       4       0       0       0
      Totals:         0      16       0       0       0
Total ram usage:       16 bytes
 Hardware stack levels used:    1
 Hardware stack levels required when called:    1
 This function calls:
		___ftpack
 This function is called by:
		_PWM1_Duty
		_PWM2_Duty
		_main
 This function uses a non-reentrant model


 *************** function ___awtoft *****************
 Defined at:
		line 32 in file "C:\Program Files (x86)\Microchip\xc8\v1.45\sources\common\awtoft.c"
 Parameters:    Size  Location     Type
  c               2    8[BANK0 ] int 
 Auto vars:     Size  Location     Type
  sign            1   13[COMMON] unsigned char 
 Return value:  Size  Location     Type
                  3    8[BANK0 ] float 
 Registers used:
		wreg, status,2, status,0, pclath, cstack
 Tracked objects:
		On entry : 
		On exit  : 
		Unchanged: 
 Data sizes:     COMMON   BANK0   BANK1   BANK3   BANK2
      Params:         0       3       0       0       0
      Locals:         1       0       0       0       0
      Temps:          0       2       0       0       0
      Totals:         1       5       0       0       0
Total ram usage:        6 bytes
 Hardware stack levels used:    1
 Hardware stack levels required when called:    1
 This function calls:
		___ftpack
 This function is called by:
		_PWM1_Duty
		_PWM2_Duty
		_main
 This function uses a non-reentrant model


 *************** function ___ftpack *****************
 Defined at:
		line 62 in file "C:\Program Files (x86)\Microchip\xc8\v1.45\sources\common\float.c"
 Parameters:    Size  Location     Type
  arg             3    0[COMMON] unsigned um
  exp             1    3[COMMON] unsigned char 
  sign            1    4[COMMON] unsigned char 
 Auto vars:     Size  Location     Type
		None
 Return value:  Size  Location     Type
                  3    0[COMMON] float 
 Registers used:
		wreg, status,2, status,0
 Tracked objects:
		On entry : 
		On exit  : 
		Unchanged: 
 Data sizes:     COMMON   BANK0   BANK1   BANK3   BANK2
      Params:         5       0       0       0       0
      Locals:         0       0       0       0       0
      Temps:          3       0       0       0       0
      Totals:         8       0       0       0       0
Total ram usage:        8 bytes
 Hardware stack levels used:    1
 This function calls:
		Nothing
 This function is called by:
		___awtoft
		___ftadd
		___ftdiv
		___ftmul
		___lwtoft
 This function uses a non-reentrant model


 *************** function _PWM_Max_Duty *****************
 Defined at:
		line 28 in file "finalcode.c"
 Parameters:    Size  Location     Type
		None
 Auto vars:     Size  Location     Type
		None
 Return value:  Size  Location     Type
                  2    6[BANK0 ] int 
 Registers used:
		wreg, status,2, status,0, pclath, cstack
 Tracked objects:
		On entry : 
		On exit  : 
		Unchanged: 
 Data sizes:     COMMON   BANK0   BANK1   BANK3   BANK2
      Params:         0       2       0       0       0
      Locals:         0       0       0       0       0
      Temps:          4       0       0       0       0
      Totals:         4       2       0       0       0
Total ram usage:        6 bytes
 Hardware stack levels used:    1
 Hardware stack levels required when called:    1
 This function calls:
		___aldiv
 This function is called by:
		_PWM1_Duty
		_PWM2_Duty
 This function uses a non-reentrant model


 *************** function ___aldiv *****************
 Defined at:
		line 6 in file "C:\Program Files (x86)\Microchip\xc8\v1.45\sources\common\aldiv.c"
 Parameters:    Size  Location     Type
  divisor         4    0[COMMON] long 
  dividend        4    4[COMMON] long 
 Auto vars:     Size  Location     Type
  quotient        4    2[BANK0 ] long 
  sign            1    1[BANK0 ] unsigned char 
  counter         1    0[BANK0 ] unsigned char 
 Return value:  Size  Location     Type
                  4    0[COMMON] long 
 Registers used:
		wreg, status,2, status,0
 Tracked objects:
		On entry : 
		On exit  : 
		Unchanged: 
 Data sizes:     COMMON   BANK0   BANK1   BANK3   BANK2
      Params:         8       0       0       0       0
      Locals:         0       6       0       0       0
      Temps:          1       0       0       0       0
      Totals:         9       6       0       0       0
Total ram usage:       15 bytes
 Hardware stack levels used:    1
 This function calls:
		Nothing
 This function is called by:
		_PWM_Max_Duty
		_PWM1_Init
		_PWM2_Init
 This function uses a non-reentrant model



MODULE INFORMATION

Module		Function		Class		Link	Load	Size
C:\Program Files (x86)\Microchip\xc8\v1.45\sources\common\ftneg.c
		___ftneg       		CODE           	0CFE	0000	11

C:\Program Files (x86)\Microchip\xc8\v1.45\sources\common\ftneg.c estimated size: 11

C:\Program Files (x86)\Microchip\xc8\v1.45\sources\common\float.c
		___ftpack      		CODE           	0E99	0000	109

C:\Program Files (x86)\Microchip\xc8\v1.45\sources\common\float.c estimated size: 109

C:\Program Files (x86)\Microchip\xc8\v1.45\sources\common\ftge.c
		___ftge        		CODE           	0E3C	0000	94

C:\Program Files (x86)\Microchip\xc8\v1.45\sources\common\ftge.c estimated size: 94

C:\Program Files (x86)\Microchip\xc8\v1.45\sources\common\ftmul.c
		___ftmul       		CODE           	01CC	0000	212

C:\Program Files (x86)\Microchip\xc8\v1.45\sources\common\ftmul.c estimated size: 212

C:\Program Files (x86)\Microchip\xc8\v1.45\sources\common\ftdiv.c
		___ftdiv       		CODE           	0114	0000	185

C:\Program Files (x86)\Microchip\xc8\v1.45\sources\common\ftdiv.c estimated size: 185

shared
		__initialization		CODE           	07FC	0000	1

shared estimated size: 1

C:\Program Files (x86)\Microchip\xc8\v1.45\sources\common\fttol.c
		___fttol       		CODE           	0F72	0000	143

C:\Program Files (x86)\Microchip\xc8\v1.45\sources\common\fttol.c estimated size: 143

C:\Program Files (x86)\Microchip\xc8\v1.45\sources\common\awtoft.c
		___awtoft      		CODE           	0D13	0000	38

C:\Program Files (x86)\Microchip\xc8\v1.45\sources\common\awtoft.c estimated size: 38

C:\Program Files (x86)\Microchip\xc8\v1.45\sources\common\awdiv.c
		___awdiv       		CODE           	0DE3	0000	90

C:\Program Files (x86)\Microchip\xc8\v1.45\sources\common\awdiv.c estimated size: 90

C:\Program Files (x86)\Microchip\xc8\v1.45\sources\common\ftadd.c
		___ftadd       		CODE           	029F	0000	266

C:\Program Files (x86)\Microchip\xc8\v1.45\sources\common\ftadd.c estimated size: 266

C:\Program Files (x86)\Microchip\xc8\v1.45\sources\common\aldiv.c
		___aldiv       		CODE           	0085	0000	144

C:\Program Files (x86)\Microchip\xc8\v1.45\sources\common\aldiv.c estimated size: 144

C:\Program Files (x86)\Microchip\xc8\v1.45\sources\common\lwtoft.c
		___lwtoft      		CODE           	0004	0000	21

C:\Program Files (x86)\Microchip\xc8\v1.45\sources\common\lwtoft.c estimated size: 21

finalcode.c
		_PWM1_Stop     		CODE           	0CEB	0000	6
		_PWM1_Start    		CODE           	0CF5	0000	10
		_PWM2_Stop     		CODE           	0CF0	0000	6
		_PWM2_Start    		CODE           	0D08	0000	12
		_main          		CODE           	03A8	0000	1109
		_PWM1_Init     		CODE           	0D65	0000	64
		_PWM_Max_Duty  		CODE           	0D38	0000	46
		_PWM2_Init     		CODE           	0DA4	0000	64
		_PWM1_Duty     		CODE           	0F05	0000	110
		_PWM2_Duty     		CODE           	0018	0000	110

finalcode.c estimated size: 1537

